main: 150 terms, 0 already done, 150 to run
Loading weights:   0%|          | 0/103 [00:00<?, ?it/s]Loading weights: 100%|██████████| 103/103 [00:00<00:00, 7924.38it/s]
  minilm: 25/150 terms embedded (23709 new texts)
  minilm: 50/150 terms embedded (42772 new texts)
  minilm: 75/150 terms embedded (62969 new texts)
  minilm: 100/150 terms embedded (75753 new texts)
  minilm: 125/150 terms embedded (93914 new texts)
  minilm: 150/150 terms embedded (112010 new texts)
embedded minilm on mps: 112010 new texts in 217.4s
Loading weights:   0%|          | 0/199 [00:00<?, ?it/s]Loading weights: 100%|██████████| 199/199 [00:00<00:00, 5840.10it/s]
  bge: 25/150 terms embedded (23709 new texts)
  bge: 50/150 terms embedded (42772 new texts)
  bge: 75/150 terms embedded (62969 new texts)
  bge: 100/150 terms embedded (75753 new texts)
  bge: 125/150 terms embedded (93914 new texts)
  bge: 150/150 terms embedded (112010 new texts)
embedded bge on mps: 112010 new texts in 538.9s
baselines ready in 8.3s (tfidf vocabulary=12404; needed genes without HGNC entrez_id=0)
done GO:0032720 in 5.5s (1/150)
done GO:0006505 in 4.1s (2/150)
done GO:0032465 in 5.3s (3/150)
done GO:1990928 in 4.6s (4/150)
done GO:0045732 in 6.2s (5/150)
done GO:0002027 in 4.0s (6/150)
done GO:0050728 in 4.5s (7/150)
done GO:0070972 in 4.4s (8/150)
done GO:0007006 in 4.3s (9/150)
done GO:0007611 in 4.1s (10/150)
done GO:0043001 in 2.9s (11/150)
done GO:0003006 in 3.9s (12/150)
done GO:0071692 in 3.2s (13/150)
done GO:0006469 in 5.0s (14/150)
done GO:0007041 in 4.2s (15/150)
done GO:0061013 in 4.2s (16/150)
done GO:0097305 in 4.6s (17/150)
done GO:0045861 in 5.5s (18/150)
done GO:0071773 in 4.0s (19/150)
done GO:0031570 in 4.6s (20/150)
done GO:2001251 in 4.3s (21/150)
done GO:0031507 in 4.2s (22/150)
done GO:0006890 in 4.1s (23/150)
done GO:0031648 in 4.3s (24/150)
done GO:0019369 in 3.8s (25/150)
done GO:0042269 in 4.2s (26/150)
done GO:0042158 in 4.1s (27/150)
done GO:0051259 in 6.6s (28/150)
done GO:0006886 in 6.4s (29/150)
done GO:0007420 in 5.4s (30/150)
done GO:0045740 in 4.1s (31/150)
done GO:0030301 in 4.4s (32/150)
done GO:0003012 in 4.7s (33/150)
done GO:0051926 in 4.1s (34/150)
done GO:0043588 in 4.6s (35/150)
done GO:0006401 in 4.4s (36/150)
done GO:0034728 in 4.2s (37/150)
done GO:0001959 in 5.5s (38/150)
done GO:0007030 in 4.9s (39/150)
done GO:0072001 in 4.6s (40/150)
done GO:0062207 in 6.3s (41/150)
done GO:0006790 in 5.6s (42/150)
done GO:0006979 in 7.0s (43/150)
done GO:0032376 in 4.8s (44/150)
done GO:0043467 in 5.6s (45/150)
done GO:0009201 in 4.1s (46/150)
done GO:0060562 in 4.7s (47/150)
done GO:0006694 in 4.8s (48/150)
done GO:0016101 in 4.5s (49/150)
done GO:0046578 in 4.4s (50/150)
done GO:1901617 in 5.1s (51/150)
done GO:0001954 in 5.0s (52/150)
done GO:0030832 in 4.9s (53/150)
done GO:0031638 in 4.4s (54/150)
done GO:0043434 in 4.8s (55/150)
done GO:0006692 in 3.8s (56/150)
done GO:0046394 in 4.7s (57/150)
done GO:0046718 in 3.9s (58/150)
done GO:0002694 in 6.0s (59/150)
done GO:1901343 in 5.0s (60/150)
done GO:0038127 in 3.6s (61/150)
done GO:0001704 in 3.7s (62/150)
done GO:0046427 in 3.6s (63/150)
done GO:0045943 in 3.8s (64/150)
done GO:0002520 in 3.8s (65/150)
done GO:0002706 in 4.8s (66/150)
done GO:0048515 in 3.8s (67/150)
done GO:0031113 in 4.2s (68/150)
done GO:0007204 in 4.0s (69/150)
done GO:0034067 in 3.8s (70/150)
done GO:0090169 in 3.8s (71/150)
done GO:1903053 in 3.8s (72/150)
done GO:0071456 in 4.2s (73/150)
done GO:0090150 in 4.7s (74/150)
done GO:0090087 in 4.5s (75/150)
done GO:0043112 in 3.8s (76/150)
done GO:0042632 in 3.9s (77/150)
done GO:0002702 in 4.8s (78/150)
done GO:0043300 in 4.0s (79/150)
done GO:0050954 in 4.6s (80/150)
done GO:0003014 in 4.7s (81/150)
done GO:0043489 in 4.4s (82/150)
done GO:0051146 in 4.4s (83/150)
done GO:0050727 in 5.9s (84/150)
done GO:1903533 in 4.2s (85/150)
done GO:0019731 in 4.0s (86/150)
done GO:0010821 in 5.2s (87/150)
done GO:0006289 in 4.0s (88/150)
done GO:0051495 in 5.5s (89/150)
done GO:0060285 in 4.2s (90/150)
done GO:0045598 in 4.3s (91/150)
done GO:0033045 in 4.5s (92/150)
done GO:0051048 in 4.9s (93/150)
done GO:0061564 in 4.3s (94/150)
done GO:0070663 in 5.6s (95/150)
done GO:0044843 in 4.3s (96/150)
done GO:0035308 in 4.0s (97/150)
done GO:0001667 in 4.6s (98/150)
done GO:1902476 in 3.7s (99/150)
done GO:0046635 in 3.6s (100/150)
done GO:0010959 in 6.0s (101/150)
done GO:1904707 in 3.7s (102/150)
done GO:0033619 in 4.0s (103/150)
done GO:0070169 in 4.1s (104/150)
done GO:1902745 in 3.9s (105/150)
done GO:0048589 in 4.0s (106/150)
done GO:2001056 in 5.2s (107/150)
done GO:0050709 in 3.9s (108/150)
done GO:1902893 in 4.4s (109/150)
done GO:0006140 in 4.1s (110/150)
done GO:0034142 in 4.1s (111/150)
done GO:0002704 in 4.3s (112/150)
done GO:0046683 in 4.6s (113/150)
done GO:1900182 in 4.7s (114/150)
done GO:1904646 in 3.9s (115/150)
done GO:1904358 in 4.1s (116/150)
done GO:0034470 in 5.2s (117/150)
done GO:0006874 in 4.8s (118/150)
done GO:0009141 in 4.3s (119/150)
done GO:0039532 in 4.3s (120/150)
done GO:0003073 in 3.8s (121/150)
done GO:0032970 in 5.4s (122/150)
done GO:0030203 in 4.1s (123/150)
done GO:0010660 in 3.8s (124/150)
done GO:0050708 in 5.2s (125/150)
done GO:0019722 in 4.4s (126/150)
done GO:0045839 in 4.0s (127/150)
done GO:0034440 in 3.7s (128/150)
done GO:0051972 in 4.1s (129/150)
done GO:2001236 in 5.0s (130/150)
done GO:0010976 in 4.0s (131/150)
done GO:0048284 in 4.2s (132/150)
done GO:0060261 in 3.4s (133/150)
done GO:1903039 in 4.8s (134/150)
done GO:0051205 in 3.5s (135/150)
done GO:0072337 in 3.4s (136/150)
done GO:0042742 in 4.6s (137/150)
done GO:0071560 in 4.3s (138/150)
done GO:0006954 in 4.6s (139/150)
done GO:0050691 in 3.8s (140/150)
done GO:0046486 in 4.7s (141/150)
done GO:0060306 in 3.9s (142/150)
done GO:2001242 in 5.5s (143/150)
done GO:0032784 in 4.1s (144/150)
done GO:0009991 in 6.2s (145/150)
done GO:0071677 in 4.2s (146/150)
done GO:0006664 in 3.9s (147/150)
done GO:0045446 in 3.7s (148/150)
done GO:0016051 in 3.4s (149/150)
done GO:0043243 in 3.1s (150/150)
TIMING prep=0.5s embedding=756.3s baselines=8.3s cv_wall=180.8s jobs=10 total=946.1s terms=150
DONE main
exit=0
